// Jest Snapshot v1, https://goo.gl/fbAQLP

exports[`<EntityNode /> renders correctly 1`] = `
Object {
  "asFragment": [Function],
  "baseElement": <body>
    <div>
      <div
        class="
          p-1 rounded-md w-full h-full
          bg-first-400 dark:bg-first-500
        "
      >
        MockTargetHandle nodeId: 
        111
        <div
          class="w-auto p-1"
        >
          <input
            class="p-1 rounded-md ring-0 ring-offset-0 w-full"
            id="text"
            name="text"
            placeholder="Entity"
            tabindex="3"
            value="mockName"
          />
        </div>
        MockTableName nodeId: 
        111
        tableId: 
        mockTableId
        MockNodeResizeControl
        <div
          class="fill-first-400 dark:fill-first-500 w-3 h-3 absolute -right-4 top-1/2 -translate-y-1/2 "
        >
          MockExpandToRight
        </div>
        MockAllHandlers nodeId: 
        111
        MockSelectThroughNode nodeId: 
        111
      </div>
    </div>
  </body>,
  "container": <div>
    <div
      class="
          p-1 rounded-md w-full h-full
          bg-first-400 dark:bg-first-500
        "
    >
      MockTargetHandle nodeId: 
      111
      <div
        class="w-auto p-1"
      >
        <input
          class="p-1 rounded-md ring-0 ring-offset-0 w-full"
          id="text"
          name="text"
          placeholder="Entity"
          tabindex="3"
          value="mockName"
        />
      </div>
      MockTableName nodeId: 
      111
      tableId: 
      mockTableId
      MockNodeResizeControl
      <div
        class="fill-first-400 dark:fill-first-500 w-3 h-3 absolute -right-4 top-1/2 -translate-y-1/2 "
      >
        MockExpandToRight
      </div>
      MockAllHandlers nodeId: 
      111
      MockSelectThroughNode nodeId: 
      111
    </div>
  </div>,
  "debug": [Function],
  "findAllByAltText": [Function],
  "findAllByDisplayValue": [Function],
  "findAllByLabelText": [Function],
  "findAllByPlaceholderText": [Function],
  "findAllByRole": [Function],
  "findAllByTestId": [Function],
  "findAllByText": [Function],
  "findAllByTitle": [Function],
  "findByAltText": [Function],
  "findByDisplayValue": [Function],
  "findByLabelText": [Function],
  "findByPlaceholderText": [Function],
  "findByRole": [Function],
  "findByTestId": [Function],
  "findByText": [Function],
  "findByTitle": [Function],
  "getAllByAltText": [Function],
  "getAllByDisplayValue": [Function],
  "getAllByLabelText": [Function],
  "getAllByPlaceholderText": [Function],
  "getAllByRole": [Function],
  "getAllByTestId": [Function],
  "getAllByText": [Function],
  "getAllByTitle": [Function],
  "getByAltText": [Function],
  "getByDisplayValue": [Function],
  "getByLabelText": [Function],
  "getByPlaceholderText": [Function],
  "getByRole": [Function],
  "getByTestId": [Function],
  "getByText": [Function],
  "getByTitle": [Function],
  "queryAllByAltText": [Function],
  "queryAllByDisplayValue": [Function],
  "queryAllByLabelText": [Function],
  "queryAllByPlaceholderText": [Function],
  "queryAllByRole": [Function],
  "queryAllByTestId": [Function],
  "queryAllByText": [Function],
  "queryAllByTitle": [Function],
  "queryByAltText": [Function],
  "queryByDisplayValue": [Function],
  "queryByLabelText": [Function],
  "queryByPlaceholderText": [Function],
  "queryByRole": [Function],
  "queryByTestId": [Function],
  "queryByText": [Function],
  "queryByTitle": [Function],
  "rerender": [Function],
  "unmount": [Function],
}
`;
